api.url = https://api.musher.dev
experimental = false
harness.scrollback_lines = 1000
history.dir = /tmp/mush-history
history.enabled = true
history.retention = 720h0m0s
history.scrollback_lines = 10000
network.ca_cert_file = 
tui = true
update.auto_apply = true
update.check_interval = 24h
worker.heartbeat_interval = 30s
worker.poll_interval = 30s
